Archive member included to satisfy reference by file (symbol)

d:/ac6/workbench/plugins/fr.ac6.mcu.externaltools.arm-none.win32_1.17.0.201812190825/tools/compiler/bin/../lib/gcc/arm-none-eabi/7.3.1/../../../../arm-none-eabi/lib/thumb/v7-m\libc_nano.a(lib_a-errno.o)
                              Core/Src/syscalls.o (__errno)
d:/ac6/workbench/plugins/fr.ac6.mcu.externaltools.arm-none.win32_1.17.0.201812190825/tools/compiler/bin/../lib/gcc/arm-none-eabi/7.3.1/../../../../arm-none-eabi/lib/thumb/v7-m\libc_nano.a(lib_a-exit.o)
                              d:/ac6/workbench/plugins/fr.ac6.mcu.externaltools.arm-none.win32_1.17.0.201812190825/tools/compiler/bin/../lib/gcc/arm-none-eabi/7.3.1/../../../../arm-none-eabi/lib/thumb/v7-m/crt0.o (exit)
d:/ac6/workbench/plugins/fr.ac6.mcu.externaltools.arm-none.win32_1.17.0.201812190825/tools/compiler/bin/../lib/gcc/arm-none-eabi/7.3.1/../../../../arm-none-eabi/lib/thumb/v7-m\libc_nano.a(lib_a-impure.o)
                              d:/ac6/workbench/plugins/fr.ac6.mcu.externaltools.arm-none.win32_1.17.0.201812190825/tools/compiler/bin/../lib/gcc/arm-none-eabi/7.3.1/../../../../arm-none-eabi/lib/thumb/v7-m\libc_nano.a(lib_a-exit.o) (_global_impure_ptr)
d:/ac6/workbench/plugins/fr.ac6.mcu.externaltools.arm-none.win32_1.17.0.201812190825/tools/compiler/bin/../lib/gcc/arm-none-eabi/7.3.1/../../../../arm-none-eabi/lib/thumb/v7-m\libc_nano.a(lib_a-init.o)
                              d:/ac6/workbench/plugins/fr.ac6.mcu.externaltools.arm-none.win32_1.17.0.201812190825/tools/compiler/bin/../lib/gcc/arm-none-eabi/7.3.1/../../../../arm-none-eabi/lib/thumb/v7-m/crt0.o (__libc_init_array)
d:/ac6/workbench/plugins/fr.ac6.mcu.externaltools.arm-none.win32_1.17.0.201812190825/tools/compiler/bin/../lib/gcc/arm-none-eabi/7.3.1/../../../../arm-none-eabi/lib/thumb/v7-m\libc_nano.a(lib_a-memset.o)
                              d:/ac6/workbench/plugins/fr.ac6.mcu.externaltools.arm-none.win32_1.17.0.201812190825/tools/compiler/bin/../lib/gcc/arm-none-eabi/7.3.1/../../../../arm-none-eabi/lib/thumb/v7-m/crt0.o (memset)

Allocating common symbols
Common symbol       size              file

uwTick              0x4               Drivers/STM32F1xx_HAL_Driver/Src/stm32f1xx_hal.o
pFlash              0x20              Drivers/STM32F1xx_HAL_Driver/Src/stm32f1xx_hal_flash.o

Discarded input sections

 .text          0x00000000        0x0 d:/ac6/workbench/plugins/fr.ac6.mcu.externaltools.arm-none.win32_1.17.0.201812190825/tools/compiler/bin/../lib/gcc/arm-none-eabi/7.3.1/thumb/v7-m/crti.o
 .data          0x00000000        0x0 d:/ac6/workbench/plugins/fr.ac6.mcu.externaltools.arm-none.win32_1.17.0.201812190825/tools/compiler/bin/../lib/gcc/arm-none-eabi/7.3.1/thumb/v7-m/crti.o
 .bss           0x00000000        0x0 d:/ac6/workbench/plugins/fr.ac6.mcu.externaltools.arm-none.win32_1.17.0.201812190825/tools/compiler/bin/../lib/gcc/arm-none-eabi/7.3.1/thumb/v7-m/crti.o
 .data          0x00000000        0x4 d:/ac6/workbench/plugins/fr.ac6.mcu.externaltools.arm-none.win32_1.17.0.201812190825/tools/compiler/bin/../lib/gcc/arm-none-eabi/7.3.1/thumb/v7-m/crtbegin.o
 .text          0x00000000       0x74 d:/ac6/workbench/plugins/fr.ac6.mcu.externaltools.arm-none.win32_1.17.0.201812190825/tools/compiler/bin/../lib/gcc/arm-none-eabi/7.3.1/../../../../arm-none-eabi/lib/thumb/v7-m/crt0.o
 .data          0x00000000        0x0 d:/ac6/workbench/plugins/fr.ac6.mcu.externaltools.arm-none.win32_1.17.0.201812190825/tools/compiler/bin/../lib/gcc/arm-none-eabi/7.3.1/../../../../arm-none-eabi/lib/thumb/v7-m/crt0.o
 .bss           0x00000000        0x0 d:/ac6/workbench/plugins/fr.ac6.mcu.externaltools.arm-none.win32_1.17.0.201812190825/tools/compiler/bin/../lib/gcc/arm-none-eabi/7.3.1/../../../../arm-none-eabi/lib/thumb/v7-m/crt0.o
 .ARM.extab     0x00000000        0x0 d:/ac6/workbench/plugins/fr.ac6.mcu.externaltools.arm-none.win32_1.17.0.201812190825/tools/compiler/bin/../lib/gcc/arm-none-eabi/7.3.1/../../../../arm-none-eabi/lib/thumb/v7-m/crt0.o
 .ARM.exidx     0x00000000        0x8 d:/ac6/workbench/plugins/fr.ac6.mcu.externaltools.arm-none.win32_1.17.0.201812190825/tools/compiler/bin/../lib/gcc/arm-none-eabi/7.3.1/../../../../arm-none-eabi/lib/thumb/v7-m/crt0.o
 .ARM.attributes
                0x00000000       0x1b d:/ac6/workbench/plugins/fr.ac6.mcu.externaltools.arm-none.win32_1.17.0.201812190825/tools/compiler/bin/../lib/gcc/arm-none-eabi/7.3.1/../../../../arm-none-eabi/lib/thumb/v7-m/crt0.o
 .group         0x00000000        0xc Core/Src/main.o
 .group         0x00000000        0xc Core/Src/main.o
 .group         0x00000000        0xc Core/Src/main.o
 .group         0x00000000        0xc Core/Src/main.o
 .group         0x00000000        0xc Core/Src/main.o
 .group         0x00000000        0xc Core/Src/main.o
 .group         0x00000000        0xc Core/Src/main.o
 .group         0x00000000        0xc Core/Src/main.o
 .group         0x00000000        0xc Core/Src/main.o
 .group         0x00000000        0xc Core/Src/main.o
[...]
Memory Configuration

Name             Origin             Length             Attributes
RAM              0x20000000         0x00005000         xrw
FLASH            0x08000000         0x00010000         xr
*default*        0x00000000         0xffffffff

Linker script and memory map

LOAD d:/ac6/workbench/plugins/fr.ac6.mcu.externaltools.arm-none.win32_1.17.0.201812190825/tools/compiler/bin/../lib/gcc/arm-none-eabi/7.3.1/thumb/v7-m/crti.o
LOAD d:/ac6/workbench/plugins/fr.ac6.mcu.externaltools.arm-none.win32_1.17.0.201812190825/tools/compiler/bin/../lib/gcc/arm-none-eabi/7.3.1/thumb/v7-m/crtbegin.o
LOAD d:/ac6/workbench/plugins/fr.ac6.mcu.externaltools.arm-none.win32_1.17.0.201812190825/tools/compiler/bin/../lib/gcc/arm-none-eabi/7.3.1/../../../../arm-none-eabi/lib/thumb/v7-m/crt0.o
LOAD Core/Src/main.o
LOAD Core/Src/motor.o
LOAD Core/Src/stm32f1xx_hal_msp.o
LOAD Core/Src/stm32f1xx_it.o
LOAD Core/Src/syscalls.o
LOAD Core/Src/system_stm32f1xx.o
LOAD Drivers/STM32F1xx_HAL_Driver/Src/stm32f1xx_hal.o
LOAD Drivers/STM32F1xx_HAL_Driver/Src/stm32f1xx_hal_cortex.o
LOAD Drivers/STM32F1xx_HAL_Driver/Src/stm32f1xx_hal_dma.o
LOAD Drivers/STM32F1xx_HAL_Driver/Src/stm32f1xx_hal_exti.o
LOAD Drivers/STM32F1xx_HAL_Driver/Src/stm32f1xx_hal_flash.o
LOAD Drivers/STM32F1xx_HAL_Driver/Src/stm32f1xx_hal_flash_ex.o
LOAD Drivers/STM32F1xx_HAL_Driver/Src/stm32f1xx_hal_gpio.o
LOAD Drivers/STM32F1xx_HAL_Driver/Src/stm32f1xx_hal_gpio_ex.o
LOAD Drivers/STM32F1xx_HAL_Driver/Src/stm32f1xx_hal_pwr.o
LOAD Drivers/STM32F1xx_HAL_Driver/Src/stm32f1xx_hal_rcc.o
LOAD Drivers/STM32F1xx_HAL_Driver/Src/stm32f1xx_hal_rcc_ex.o
LOAD Drivers/STM32F1xx_HAL_Driver/Src/stm32f1xx_hal_tim.o
LOAD Drivers/STM32F1xx_HAL_Driver/Src/stm32f1xx_hal_tim_ex.o
LOAD startup/startup_stm32f103xb.o
LOAD d:/ac6/workbench/plugins/fr.ac6.mcu.externaltools.arm-none.win32_1.17.0.201812190825/tools/compiler/bin/../lib/gcc/arm-none-eabi/7.3.1/../../../../arm-none-eabi/lib/thumb/v7-m\libm.a
START GROUP
LOAD d:/ac6/workbench/plugins/fr.ac6.mcu.externaltools.arm-none.win32_1.17.0.201812190825/tools/compiler/bin/../lib/gcc/arm-none-eabi/7.3.1/thumb/v7-m\libgcc.a
LOAD d:/ac6/workbench/plugins/fr.ac6.mcu.externaltools.arm-none.win32_1.17.0.201812190825/tools/compiler/bin/../lib/gcc/arm-none-eabi/7.3.1/../../../../arm-none-eabi/lib/thumb/v7-m\libc_nano.a
END GROUP
START GROUP
LOAD d:/ac6/workbench/plugins/fr.ac6.mcu.externaltools.arm-none.win32_1.17.0.201812190825/tools/compiler/bin/../lib/gcc/arm-none-eabi/7.3.1/thumb/v7-m\libgcc.a
LOAD d:/ac6/workbench/plugins/fr.ac6.mcu.externaltools.arm-none.win32_1.17.0.201812190825/tools/compiler/bin/../lib/gcc/arm-none-eabi/7.3.1/../../../../arm-none-eabi/lib/thumb/v7-m\libc_nano.a
LOAD d:/ac6/workbench/plugins/fr.ac6.mcu.externaltools.arm-none.win32_1.17.0.201812190825/tools/compiler/bin/../lib/gcc/arm-none-eabi/7.3.1/../../../../arm-none-eabi/lib/thumb/v7-m\libnosys.a
END GROUP
START GROUP
LOAD d:/ac6/workbench/plugins/fr.ac6.mcu.externaltools.arm-none.win32_1.17.0.201812190825/tools/compiler/bin/../lib/gcc/arm-none-eabi/7.3.1/thumb/v7-m\libgcc.a
LOAD d:/ac6/workbench/plugins/fr.ac6.mcu.externaltools.arm-none.win32_1.17.0.201812190825/tools/compiler/bin/../lib/gcc/arm-none-eabi/7.3.1/../../../../arm-none-eabi/lib/thumb/v7-m\libc_nano.a
LOAD d:/ac6/workbench/plugins/fr.ac6.mcu.externaltools.arm-none.win32_1.17.0.201812190825/tools/compiler/bin/../lib/gcc/arm-none-eabi/7.3.1/../../../../arm-none-eabi/lib/thumb/v7-m\libnosys.a
END GROUP
LOAD d:/ac6/workbench/plugins/fr.ac6.mcu.externaltools.arm-none.win32_1.17.0.201812190825/tools/compiler/bin/../lib/gcc/arm-none-eabi/7.3.1/thumb/v7-m/crtend.o
LOAD d:/ac6/workbench/plugins/fr.ac6.mcu.externaltools.arm-none.win32_1.17.0.201812190825/tools/compiler/bin/../lib/gcc/arm-none-eabi/7.3.1/thumb/v7-m/crtn.o
                0x20005000                _estack = 0x20005000
                0x00000200                _Min_Heap_Size = 0x200
                0x00000400                _Min_Stack_Size = 0x400

.isr_vector     0x08000000      0x10c
                0x08000000                . = ALIGN (0x4)
 *(.isr_vector)
 .isr_vector    0x08000000      0x10c startup/startup_stm32f103xb.o
                0x08000000                g_pfnVectors
                0x0800010c                . = ALIGN (0x4)

.text           0x0800010c      0xe18
                0x0800010c                . = ALIGN (0x4)
 *(.text)
 .text          0x0800010c       0x40 d:/ac6/workbench/plugins/fr.ac6.mcu.externaltools.arm-none.win32_1.17.0.201812190825/tools/compiler/bin/../lib/gcc/arm-none-eabi/7.3.1/thumb/v7-m/crtbegin.o
 *(.text*)
 .text.MX_GPIO_Init
                0x0800014c       0xb0 Core/Src/main.o
 .text.HAL_GPIO_EXTI_Callback
                0x080001fc       0x58 Core/Src/main.o
                0x080001fc                HAL_GPIO_EXTI_Callback
 .text.SystemClock_Config
                0x08000254       0x44 Core/Src/main.o
                0x08000254                SystemClock_Config
 .text.main     0x08000298       0xac Core/Src/main.o
                0x08000298                main
 .text.moveCarroParaFrente
                0x08000344       0x38 Core/Src/motor.o
                0x08000344                moveCarroParaFrente
 .text.moveCarroParaDireita
                0x0800037c       0x38 Core/Src/motor.o
                0x0800037c                moveCarroParaDireita
 .text.moveCarroParaTras
                0x080003b4       0x38 Core/Src/motor.o
                0x080003b4                moveCarroParaTras
 .text.moveCarroParaEsquerda
                0x080003ec       0x38 Core/Src/motor.o
                0x080003ec                moveCarroParaEsquerda
 .text.pararCarro
                0x08000424       0x38 Core/Src/motor.o
                0x08000424                pararCarro
 .text.HAL_MspInit
                0x0800045c       0x44 Core/Src/stm32f1xx_hal_msp.o
                0x0800045c                HAL_MspInit
 .text.NMI_Handler
                0x080004a0        0x2 Core/Src/stm32f1xx_it.o
                0x080004a0                NMI_Handler
 .text.HardFault_Handler
                0x080004a2        0x2 Core/Src/stm32f1xx_it.o
                0x080004a2                HardFault_Handler
 .text.MemManage_Handler
                0x080004a4        0x2 Core/Src/stm32f1xx_it.o
                0x080004a4                MemManage_Handler
 .text.BusFault_Handler
                0x080004a6        0x2 Core/Src/stm32f1xx_it.o
                0x080004a6                BusFault_Handler
 .text.UsageFault_Handler
                0x080004a8        0x2 Core/Src/stm32f1xx_it.o
                0x080004a8                UsageFault_Handler
 .text.SVC_Handler
                0x080004aa        0x2 Core/Src/stm32f1xx_it.o
                0x080004aa                SVC_Handler
 .text.DebugMon_Handler
                0x080004ac        0x2 Core/Src/stm32f1xx_it.o
                0x080004ac                DebugMon_Handler
 .text.PendSV_Handler
                0x080004ae        0x2 Core/Src/stm32f1xx_it.o
                0x080004ae                PendSV_Handler
 .text.SysTick_Handler
                0x080004b0        0x8 Core/Src/stm32f1xx_it.o
                0x080004b0                SysTick_Handler
 .text.EXTI3_IRQHandler
                0x080004b8        0xa Core/Src/stm32f1xx_it.o
                0x080004b8                EXTI3_IRQHandler
 .text.EXTI4_IRQHandler
                0x080004c2        0xa Core/Src/stm32f1xx_it.o
                0x080004c2                EXTI4_IRQHandler
 .text.EXTI9_5_IRQHandler
                0x080004cc       0x10 Core/Src/stm32f1xx_it.o
                0x080004cc                EXTI9_5_IRQHandler
 .text.SystemInit
                0x080004dc        0x2 Core/Src/system_stm32f1xx.o
                0x080004dc                SystemInit
 *fill*         0x080004de        0x2 
 .text.HAL_InitTick
                0x080004e0       0x48 Drivers/STM32F1xx_HAL_Driver/Src/stm32f1xx_hal.o
                0x080004e0                HAL_InitTick
 .text.HAL_Init
                0x08000528       0x24 Drivers/STM32F1xx_HAL_Driver/Src/stm32f1xx_hal.o
                0x08000528                HAL_Init
 .text.HAL_IncTick
                0x0800054c       0x18 Drivers/STM32F1xx_HAL_Driver/Src/stm32f1xx_hal.o
                0x0800054c                HAL_IncTick
 .text.HAL_GetTick
                0x08000564        0xc Drivers/STM32F1xx_HAL_Driver/Src/stm32f1xx_hal.o
                0x08000564                HAL_GetTick
 .text.HAL_NVIC_SetPriorityGrouping
                0x08000570       0x24 Drivers/STM32F1xx_HAL_Driver/Src/stm32f1xx_hal_cortex.o
                0x08000570                HAL_NVIC_SetPriorityGrouping
 .text.HAL_NVIC_SetPriority
                0x08000594       0x68 Drivers/STM32F1xx_HAL_Driver/Src/stm32f1xx_hal_cortex.o
                0x08000594                HAL_NVIC_SetPriority
 .text.HAL_NVIC_EnableIRQ
                0x080005fc       0x1c Drivers/STM32F1xx_HAL_Driver/Src/stm32f1xx_hal_cortex.o
                0x080005fc                HAL_NVIC_EnableIRQ
 .text.HAL_SYSTICK_Config
                0x08000618       0x2c Drivers/STM32F1xx_HAL_Driver/Src/stm32f1xx_hal_cortex.o
                0x08000618                HAL_SYSTICK_Config
 .text.HAL_GPIO_Init
                0x08000644      0x1d8 Drivers/STM32F1xx_HAL_Driver/Src/stm32f1xx_hal_gpio.o
                0x08000644                HAL_GPIO_Init
 .text.HAL_GPIO_ReadPin
                0x0800081c        0xe Drivers/STM32F1xx_HAL_Driver/Src/stm32f1xx_hal_gpio.o
                0x0800081c                HAL_GPIO_ReadPin
 .text.HAL_GPIO_WritePin
                0x0800082a        0xc Drivers/STM32F1xx_HAL_Driver/Src/stm32f1xx_hal_gpio.o
                0x0800082a                HAL_GPIO_WritePin
 *fill*         0x08000836        0x2 
 .text.HAL_GPIO_EXTI_IRQHandler
                0x08000838       0x1c Drivers/STM32F1xx_HAL_Driver/Src/stm32f1xx_hal_gpio.o
                0x08000838                HAL_GPIO_EXTI_IRQHandler
 .text.RCC_Delay
                0x08000854       0x2c Drivers/STM32F1xx_HAL_Driver/Src/stm32f1xx_hal_rcc.o
 .text.HAL_RCC_OscConfig
                0x08000880      0x410 Drivers/STM32F1xx_HAL_Driver/Src/stm32f1xx_hal_rcc.o
                0x08000880                HAL_RCC_OscConfig
 .text.HAL_RCC_GetSysClockFreq
                0x08000c90       0x70 Drivers/STM32F1xx_HAL_Driver/Src/stm32f1xx_hal_rcc.o
                0x08000c90                HAL_RCC_GetSysClockFreq
 .text.HAL_RCC_ClockConfig
                0x08000d00      0x168 Drivers/STM32F1xx_HAL_Driver/Src/stm32f1xx_hal_rcc.o
                0x08000d00                HAL_RCC_ClockConfig
 .text.Reset_Handler
                0x08000e68       0x48 startup/startup_stm32f103xb.o
                0x08000e68                Reset_Handler
 .text.Default_Handler
                0x08000eb0        0x2 startup/startup_stm32f103xb.o
                0x08000eb0                RTC_Alarm_IRQHandler
                0x08000eb0                EXTI2_IRQHandler
                0x08000eb0                TIM1_CC_IRQHandler
                0x08000eb0                PVD_IRQHandler
                0x08000eb0                EXTI0_IRQHandler
                0x08000eb0                I2C2_EV_IRQHandler
                0x08000eb0                ADC1_2_IRQHandler
                0x08000eb0                SPI1_IRQHandler
                0x08000eb0                TAMPER_IRQHandler
                0x08000eb0                DMA1_Channel4_IRQHandler
                0x08000eb0                USART3_IRQHandler
                0x08000eb0                RTC_IRQHandler
                0x08000eb0                DMA1_Channel7_IRQHandler
                0x08000eb0                CAN1_RX1_IRQHandler
                0x08000eb0                TIM4_IRQHandler
                0x08000eb0                I2C1_EV_IRQHandler
                0x08000eb0                DMA1_Channel6_IRQHandler
                0x08000eb0                TIM3_IRQHandler
                0x08000eb0                RCC_IRQHandler
                0x08000eb0                TIM1_TRG_COM_IRQHandler
                0x08000eb0                DMA1_Channel1_IRQHandler
                0x08000eb0                Default_Handler
                0x08000eb0                EXTI15_10_IRQHandler
                0x08000eb0                SPI2_IRQHandler
                0x08000eb0                DMA1_Channel5_IRQHandler
                0x08000eb0                USB_LP_CAN1_RX0_IRQHandler
                0x08000eb0                USB_HP_CAN1_TX_IRQHandler
                0x08000eb0                DMA1_Channel3_IRQHandler
                0x08000eb0                TIM1_UP_IRQHandler
                0x08000eb0                WWDG_IRQHandler
                0x08000eb0                TIM2_IRQHandler
                0x08000eb0                TIM1_BRK_IRQHandler
                0x08000eb0                EXTI1_IRQHandler
                0x08000eb0                USART2_IRQHandler
                0x08000eb0                I2C2_ER_IRQHandler
                0x08000eb0                DMA1_Channel2_IRQHandler
                0x08000eb0                CAN1_SCE_IRQHandler
                0x08000eb0                FLASH_IRQHandler
                0x08000eb0                USART1_IRQHandler
                0x08000eb0                I2C1_ER_IRQHandler
                0x08000eb0                USBWakeUp_IRQHandler
 *fill*         0x08000eb2        0x2 
 .text.__libc_init_array
                0x08000eb4       0x48 d:/ac6/workbench/plugins/fr.ac6.mcu.externaltools.arm-none.win32_1.17.0.201812190825/tools/compiler/bin/../lib/gcc/arm-none-eabi/7.3.1/../../../../arm-none-eabi/lib/thumb/v7-m\libc_nano.a(lib_a-init.o)
                0x08000eb4                __libc_init_array
 .text.memset   0x08000efc       0x10 d:/ac6/workbench/plugins/fr.ac6.mcu.externaltools.arm-none.win32_1.17.0.201812190825/tools/compiler/bin/../lib/gcc/arm-none-eabi/7.3.1/../../../../arm-none-eabi/lib/thumb/v7-m\libc_nano.a(lib_a-memset.o)
                0x08000efc                memset
 *(.glue_7)
 .glue_7        0x08000f0c        0x0 linker stubs
 *(.glue_7t)
 .glue_7t       0x08000f0c        0x0 linker stubs
 *(.eh_frame)
 .eh_frame      0x08000f0c        0x0 d:/ac6/workbench/plugins/fr.ac6.mcu.externaltools.arm-none.win32_1.17.0.201812190825/tools/compiler/bin/../lib/gcc/arm-none-eabi/7.3.1/thumb/v7-m/crtbegin.o
 *(.init)
 .init          0x08000f0c        0x4 d:/ac6/workbench/plugins/fr.ac6.mcu.externaltools.arm-none.win32_1.17.0.201812190825/tools/compiler/bin/../lib/gcc/arm-none-eabi/7.3.1/thumb/v7-m/crti.o
                0x08000f0c                _init
 .init          0x08000f10        0x8 d:/ac6/workbench/plugins/fr.ac6.mcu.externaltools.arm-none.win32_1.17.0.201812190825/tools/compiler/bin/../lib/gcc/arm-none-eabi/7.3.1/thumb/v7-m/crtn.o
 *(.fini)
 .fini          0x08000f18        0x4 d:/ac6/workbench/plugins/fr.ac6.mcu.externaltools.arm-none.win32_1.17.0.201812190825/tools/compiler/bin/../lib/gcc/arm-none-eabi/7.3.1/thumb/v7-m/crti.o
                0x08000f18                _fini
 .fini          0x08000f1c        0x8 d:/ac6/workbench/plugins/fr.ac6.mcu.externaltools.arm-none.win32_1.17.0.201812190825/tools/compiler/bin/../lib/gcc/arm-none-eabi/7.3.1/thumb/v7-m/crtn.o
                0x08000f24                . = ALIGN (0x4)
                0x08000f24                _etext = .

.vfp11_veneer   0x08000f24        0x0
 .vfp11_veneer  0x08000f24        0x0 linker stubs

.v4_bx          0x08000f24        0x0
 .v4_bx         0x08000f24        0x0 linker stubs

.iplt           0x08000f24        0x0
 .iplt          0x08000f24        0x0 d:/ac6/workbench/plugins/fr.ac6.mcu.externaltools.arm-none.win32_1.17.0.201812190825/tools/compiler/bin/../lib/gcc/arm-none-eabi/7.3.1/thumb/v7-m/crtbegin.o

.rodata         0x08000f24       0x2c
                0x08000f24                . = ALIGN (0x4)
 *(.rodata)
 .rodata        0x08000f24       0x18 Core/Src/system_stm32f1xx.o
                0x08000f24                AHBPrescTable
                0x08000f34                APBPrescTable
 .rodata        0x08000f3c       0x12 Drivers/STM32F1xx_HAL_Driver/Src/stm32f1xx_hal_rcc.o
 *(.rodata*)
                0x08000f50                . = ALIGN (0x4)
 *fill*         0x08000f4e        0x2 

.rel.dyn        0x08000f50        0x0
 .rel.iplt      0x08000f50        0x0 d:/ac6/workbench/plugins/fr.ac6.mcu.externaltools.arm-none.win32_1.17.0.201812190825/tools/compiler/bin/../lib/gcc/arm-none-eabi/7.3.1/thumb/v7-m/crtbegin.o

.ARM.extab
 *(.ARM.extab* .gnu.linkonce.armextab.*)

.ARM            0x08000f50        0x0
                0x08000f50                __exidx_start = .
 *(.ARM.exidx*)
                0x08000f50                __exidx_end = .

.preinit_array  0x08000f50        0x0
                0x08000f50                PROVIDE (__preinit_array_start = .)
 *(.preinit_array*)
                0x08000f50                PROVIDE (__preinit_array_end = .)

.init_array     0x08000f50        0x4
                0x08000f50                PROVIDE (__init_array_start = .)
 *(SORT_BY_NAME(.init_array.*))
 *(.init_array*)
 .init_array    0x08000f50        0x4 d:/ac6/workbench/plugins/fr.ac6.mcu.externaltools.arm-none.win32_1.17.0.201812190825/tools/compiler/bin/../lib/gcc/arm-none-eabi/7.3.1/thumb/v7-m/crtbegin.o
                0x08000f54                PROVIDE (__init_array_end = .)

.fini_array     0x08000f54        0x4
                [!provide]                PROVIDE (__fini_array_start = .)
 *(SORT_BY_NAME(.fini_array.*))
 *(.fini_array*)
 .fini_array    0x08000f54        0x4 d:/ac6/workbench/plugins/fr.ac6.mcu.externaltools.arm-none.win32_1.17.0.201812190825/tools/compiler/bin/../lib/gcc/arm-none-eabi/7.3.1/thumb/v7-m/crtbegin.o
                [!provide]                PROVIDE (__fini_array_end = .)
                0x08000f58                _sidata = LOADADDR (.data)

.data           0x20000000        0xc load address 0x08000f58
                0x20000000                . = ALIGN (0x4)
                0x20000000                _sdata = .
 *(.data)
 .data          0x20000000        0x4 Core/Src/system_stm32f1xx.o
                0x20000000                SystemCoreClock
 .data          0x20000004        0x8 Drivers/STM32F1xx_HAL_Driver/Src/stm32f1xx_hal.o
                0x20000004                uwTickFreq
                0x20000008                uwTickPrio
 *(.data*)
                0x2000000c                . = ALIGN (0x4)
                0x2000000c                _edata = .

.igot.plt       0x2000000c        0x0 load address 0x08000f64
 .igot.plt      0x2000000c        0x0 d:/ac6/workbench/plugins/fr.ac6.mcu.externaltools.arm-none.win32_1.17.0.201812190825/tools/compiler/bin/../lib/gcc/arm-none-eabi/7.3.1/thumb/v7-m/crtbegin.o
                0x2000000c                . = ALIGN (0x4)

.bss            0x2000000c       0x24 load address 0x08000f64
                0x2000000c                _sbss = .
                0x2000000c                __bss_start__ = _sbss
 *(.bss)
 .bss           0x2000000c       0x1c d:/ac6/workbench/plugins/fr.ac6.mcu.externaltools.arm-none.win32_1.17.0.201812190825/tools/compiler/bin/../lib/gcc/arm-none-eabi/7.3.1/thumb/v7-m/crtbegin.o
 .bss           0x20000028        0x4 Core/Src/main.o
                0x20000028                botaoFrente
                0x20000029                botaoTras
                0x2000002a                botaoDireita
                0x2000002b                botaoEsquerda
 *(.bss*)
 *(COMMON)
 COMMON         0x2000002c        0x4 Drivers/STM32F1xx_HAL_Driver/Src/stm32f1xx_hal.o
                0x2000002c                uwTick
                0x20000030                . = ALIGN (0x4)
                0x20000030                _ebss = .
                0x20000030                __bss_end__ = _ebss

._user_heap_stack
                0x20000030      0x600 load address 0x08000f64
                0x20000030                . = ALIGN (0x8)
                0x20000030                PROVIDE (end = .)
                [!provide]                PROVIDE (_end = .)
                0x20000230                . = (. + _Min_Heap_Size)
 *fill*         0x20000030      0x200 
                0x20000630                . = (. + _Min_Stack_Size)
 *fill*         0x20000230      0x400 
                0x20000630                . = ALIGN (0x8)

/DISCARD/
 libc.a(*)
 libm.a(*)
 libgcc.a(*)

.ARM.attributes
                0x00000000       0x29
 *(.ARM.attributes)
 .ARM.attributes
                0x00000000       0x1d d:/ac6/workbench/plugins/fr.ac6.mcu.externaltools.arm-none.win32_1.17.0.201812190825/tools/compiler/bin/../lib/gcc/arm-none-eabi/7.3.1/thumb/v7-m/crti.o
 .ARM.attributes
                0x0000001d       0x2d d:/ac6/workbench/plugins/fr.ac6.mcu.externaltools.arm-none.win32_1.17.0.201812190825/tools/compiler/bin/../lib/gcc/arm-none-eabi/7.3.1/thumb/v7-m/crtbegin.o
 .ARM.attributes
                0x0000004a       0x33 Core/Src/main.o
 .ARM.attributes
                0x0000007d       0x33 Core/Src/motor.o
 .ARM.attributes
                0x000000b0       0x33 Core/Src/stm32f1xx_hal_msp.o
 .ARM.attributes
                0x000000e3       0x33 Core/Src/stm32f1xx_it.o
 .ARM.attributes
                0x00000116       0x33 Core/Src/system_stm32f1xx.o
 .ARM.attributes
                0x00000149       0x33 Drivers/STM32F1xx_HAL_Driver/Src/stm32f1xx_hal.o
 .ARM.attributes
                0x0000017c       0x33 Drivers/STM32F1xx_HAL_Driver/Src/stm32f1xx_hal_cortex.o
 .ARM.attributes
                0x000001af       0x33 Drivers/STM32F1xx_HAL_Driver/Src/stm32f1xx_hal_gpio.o
 .ARM.attributes
                0x000001e2       0x33 Drivers/STM32F1xx_HAL_Driver/Src/stm32f1xx_hal_rcc.o
 .ARM.attributes
                0x00000215       0x21 startup/startup_stm32f103xb.o
 .ARM.attributes
                0x00000236       0x2d d:/ac6/workbench/plugins/fr.ac6.mcu.externaltools.arm-none.win32_1.17.0.201812190825/tools/compiler/bin/../lib/gcc/arm-none-eabi/7.3.1/../../../../arm-none-eabi/lib/thumb/v7-m\libc_nano.a(lib_a-init.o)
 .ARM.attributes
                0x00000263       0x2d d:/ac6/workbench/plugins/fr.ac6.mcu.externaltools.arm-none.win32_1.17.0.201812190825/tools/compiler/bin/../lib/gcc/arm-none-eabi/7.3.1/../../../../arm-none-eabi/lib/thumb/v7-m\libc_nano.a(lib_a-memset.o)
 .ARM.attributes
                0x00000290       0x1d d:/ac6/workbench/plugins/fr.ac6.mcu.externaltools.arm-none.win32_1.17.0.201812190825/tools/compiler/bin/../lib/gcc/arm-none-eabi/7.3.1/thumb/v7-m/crtn.o
OUTPUT(Carro_MotorCC.elf elf32-littlearm)

.debug_info     0x00000000     0x3c6f
 .debug_info    0x00000000      0x930 Core/Src/main.o
 .debug_info    0x00000930      0x5d3 Core/Src/motor.o
 .debug_info    0x00000f03      0x2d5 Core/Src/stm32f1xx_hal_msp.o
 .debug_info    0x000011d8      0x2c9 Core/Src/stm32f1xx_it.o
 .debug_info    0x000014a1      0x29d Core/Src/system_stm32f1xx.o
 .debug_info    0x0000173e      0x7c0 Drivers/STM32F1xx_HAL_Driver/Src/stm32f1xx_hal.o
 .debug_info    0x00001efe      0xcb5 Drivers/STM32F1xx_HAL_Driver/Src/stm32f1xx_hal_cortex.o
 .debug_info    0x00002bb3      0x6ab Drivers/STM32F1xx_HAL_Driver/Src/stm32f1xx_hal_gpio.o
 .debug_info    0x0000325e      0x9ef Drivers/STM32F1xx_HAL_Driver/Src/stm32f1xx_hal_rcc.o
 .debug_info    0x00003c4d       0x22 startup/startup_stm32f103xb.o

.debug_abbrev   0x00000000      0xfbd
 .debug_abbrev  0x00000000      0x206 Core/Src/main.o
 .debug_abbrev  0x00000206      0x12a Core/Src/motor.o
 .debug_abbrev  0x00000330      0x109 Core/Src/stm32f1xx_hal_msp.o
 .debug_abbrev  0x00000439      0x119 Core/Src/stm32f1xx_it.o
 .debug_abbrev  0x00000552      0x134 Core/Src/system_stm32f1xx.o
 .debug_abbrev  0x00000686      0x1ed Drivers/STM32F1xx_HAL_Driver/Src/stm32f1xx_hal.o
 .debug_abbrev  0x00000873      0x303 Drivers/STM32F1xx_HAL_Driver/Src/stm32f1xx_hal_cortex.o
 .debug_abbrev  0x00000b76      0x1de Drivers/STM32F1xx_HAL_Driver/Src/stm32f1xx_hal_gpio.o
 .debug_abbrev  0x00000d54      0x257 Drivers/STM32F1xx_HAL_Driver/Src/stm32f1xx_hal_rcc.o
 .debug_abbrev  0x00000fab       0x12 startup/startup_stm32f103xb.o

.debug_aranges  0x00000000      0x3c0
 .debug_aranges
                0x00000000       0x40 Core/Src/main.o
 .debug_aranges
                0x00000040       0x40 Core/Src/motor.o
 .debug_aranges
                0x00000080       0x20 Core/Src/stm32f1xx_hal_msp.o
 .debug_aranges
                0x000000a0       0x78 Core/Src/stm32f1xx_it.o
 .debug_aranges
                0x00000118       0x28 Core/Src/system_stm32f1xx.o
 .debug_aranges
                0x00000140       0xe0 Drivers/STM32F1xx_HAL_Driver/Src/stm32f1xx_hal.o
 .debug_aranges
                0x00000220       0x90 Drivers/STM32F1xx_HAL_Driver/Src/stm32f1xx_hal_cortex.o
 .debug_aranges
                0x000002b0       0x58 Drivers/STM32F1xx_HAL_Driver/Src/stm32f1xx_hal_gpio.o
 .debug_aranges
                0x00000308       0x90 Drivers/STM32F1xx_HAL_Driver/Src/stm32f1xx_hal_rcc.o
 .debug_aranges
                0x00000398       0x28 startup/startup_stm32f103xb.o

.debug_ranges   0x00000000      0x3a8
 .debug_ranges  0x00000000       0x30 Core/Src/main.o
 .debug_ranges  0x00000030       0x30 Core/Src/motor.o
 .debug_ranges  0x00000060       0x10 Core/Src/stm32f1xx_hal_msp.o
 .debug_ranges  0x00000070       0x68 Core/Src/stm32f1xx_it.o
 .debug_ranges  0x000000d8       0x18 Core/Src/system_stm32f1xx.o
 .debug_ranges  0x000000f0       0xd0 Drivers/STM32F1xx_HAL_Driver/Src/stm32f1xx_hal.o
 .debug_ranges  0x000001c0       0xe0 Drivers/STM32F1xx_HAL_Driver/Src/stm32f1xx_hal_cortex.o
 .debug_ranges  0x000002a0       0x48 Drivers/STM32F1xx_HAL_Driver/Src/stm32f1xx_hal_gpio.o
 .debug_ranges  0x000002e8       0xa0 Drivers/STM32F1xx_HAL_Driver/Src/stm32f1xx_hal_rcc.o
 .debug_ranges  0x00000388       0x20 startup/startup_stm32f103xb.o

.debug_macro    0x00000000    0x15b74
 .debug_macro   0x00000000      0x1af Core/Src/main.o
 .debug_macro   0x000001af      0xa54 Core/Src/main.o
 .debug_macro   0x00000c03      0x20f Core/Src/main.o
 .debug_macro   0x00000e12       0x2e Core/Src/main.o
 .debug_macro   0x00000e40       0x22 Core/Src/main.o
 .debug_macro   0x00000e62       0x22 Core/Src/main.o
 .debug_macro   0x00000e84       0x8e Core/Src/main.o
 .debug_macro   0x00000f12       0x51 Core/Src/main.o
 .debug_macro   0x00000f63       0xef Core/Src/main.o
 .debug_macro   0x00001052       0x6a Core/Src/main.o
 .debug_macro   0x000010bc      0x1df Core/Src/main.o
 .debug_macro   0x0000129b       0x1c Core/Src/main.o
 .debug_macro   0x000012b7       0x22 Core/Src/main.o
 .debug_macro   0x000012d9       0xc3 Core/Src/main.o
 .debug_macro   0x0000139c      0xd23 Core/Src/main.o
 .debug_macro   0x000020bf     0xe097 Core/Src/main.o
 .debug_macro   0x00010156       0x43 Core/Src/main.o
 .debug_macro   0x00010199     0x3468 Core/Src/main.o
 .debug_macro   0x00013601      0x174 Core/Src/main.o
 .debug_macro   0x00013775       0x5c Core/Src/main.o
 .debug_macro   0x000137d1      0x5be Core/Src/main.o
 .debug_macro   0x00013d8f      0x289 Core/Src/main.o
 .debug_macro   0x00014018      0x1cb Core/Src/main.o
 .debug_macro   0x000141e3      0x114 Core/Src/main.o
 .debug_macro   0x000142f7      0x1b2 Core/Src/main.o
 .debug_macro   0x000144a9       0x27 Core/Src/main.o
 .debug_macro   0x000144d0      0x136 Core/Src/main.o
 .debug_macro   0x00014606      0x1bc Core/Src/main.o
 .debug_macro   0x000147c2       0x34 Core/Src/main.o
 .debug_macro   0x000147f6       0x3c Core/Src/main.o
 .debug_macro   0x00014832       0x57 Core/Src/main.o
 .debug_macro   0x00014889       0x88 Core/Src/main.o
 .debug_macro   0x00014911      0x241 Core/Src/main.o
 .debug_macro   0x00014b52      0x141 Core/Src/main.o
 .debug_macro   0x00014c93       0x83 Core/Src/main.o
 .debug_macro   0x00014d16       0x7c Core/Src/main.o
 .debug_macro   0x00014d92       0x22 Core/Src/main.o
 .debug_macro   0x00014db4       0x34 Core/Src/main.o
 .debug_macro   0x00014de8      0x1a5 Core/Src/motor.o
 .debug_macro   0x00014f8d       0x82 Core/Src/motor.o
 .debug_macro   0x0001500f      0x193 Core/Src/stm32f1xx_hal_msp.o
 .debug_macro   0x000151a2      0x19d Core/Src/stm32f1xx_it.o
 .debug_macro   0x0001533f      0x184 Core/Src/system_stm32f1xx.o
 .debug_macro   0x000154c3      0x1a8 Drivers/STM32F1xx_HAL_Driver/Src/stm32f1xx_hal.o
 .debug_macro   0x0001566b      0x184 Drivers/STM32F1xx_HAL_Driver/Src/stm32f1xx_hal_cortex.o
 .debug_macro   0x000157ef      0x1ef Drivers/STM32F1xx_HAL_Driver/Src/stm32f1xx_hal_gpio.o
 .debug_macro   0x000159de      0x196 Drivers/STM32F1xx_HAL_Driver/Src/stm32f1xx_hal_rcc.o

.debug_line     0x00000000     0x4622
 .debug_line    0x00000000      0x74a Core/Src/main.o
 .debug_line    0x0000074a      0x6fa Core/Src/motor.o
 .debug_line    0x00000e44      0x69b Core/Src/stm32f1xx_hal_msp.o
 .debug_line    0x000014df      0x760 Core/Src/stm32f1xx_it.o
 .debug_line    0x00001c3f      0x6c4 Core/Src/system_stm32f1xx.o
 .debug_line    0x00002303      0x86e Drivers/STM32F1xx_HAL_Driver/Src/stm32f1xx_hal.o
 .debug_line    0x00002b71      0x87d Drivers/STM32F1xx_HAL_Driver/Src/stm32f1xx_hal_cortex.o
 .debug_line    0x000033ee      0x83f Drivers/STM32F1xx_HAL_Driver/Src/stm32f1xx_hal_gpio.o
 .debug_line    0x00003c2d      0x978 Drivers/STM32F1xx_HAL_Driver/Src/stm32f1xx_hal_rcc.o
 .debug_line    0x000045a5       0x7d startup/startup_stm32f103xb.o

.debug_str      0x00000000    0x7b913
 .debug_str     0x00000000    0x7ac0b Core/Src/main.o
                              0x7afe8 (size before relaxing)
 .debug_str     0x0007ac0b       0x3c Core/Src/motor.o
                              0x7aa77 (size before relaxing)
 .debug_str     0x0007ac47       0x5a Core/Src/stm32f1xx_hal_msp.o
                              0x7a92e (size before relaxing)
 .debug_str     0x0007aca1      0x117 Core/Src/stm32f1xx_it.o
                              0x7a9b9 (size before relaxing)
 .debug_str     0x0007adb8       0x52 Core/Src/system_stm32f1xx.o
                              0x7a70c (size before relaxing)
 .debug_str     0x0007ae0a      0x31f Drivers/STM32F1xx_HAL_Driver/Src/stm32f1xx_hal.o
                              0x7ade2 (size before relaxing)
 .debug_str     0x0007b129      0x2a8 Drivers/STM32F1xx_HAL_Driver/Src/stm32f1xx_hal_cortex.o
                              0x7ada5 (size before relaxing)
 .debug_str     0x0007b3d1      0x2ba Drivers/STM32F1xx_HAL_Driver/Src/stm32f1xx_hal_gpio.o
                              0x7aad0 (size before relaxing)
 .debug_str     0x0007b68b      0x229 Drivers/STM32F1xx_HAL_Driver/Src/stm32f1xx_hal_rcc.o
                              0x7ab30 (size before relaxing)
 .debug_str     0x0007b8b4       0x5f startup/startup_stm32f103xb.o

.comment        0x00000000       0x7f
 .comment       0x00000000       0x7f Core/Src/main.o
                                 0x80 (size before relaxing)
 .comment       0x0000007f       0x80 Core/Src/motor.o
 .comment       0x0000007f       0x80 Core/Src/stm32f1xx_hal_msp.o
 .comment       0x0000007f       0x80 Core/Src/stm32f1xx_it.o
 .comment       0x0000007f       0x80 Core/Src/system_stm32f1xx.o
 .comment       0x0000007f       0x80 Drivers/STM32F1xx_HAL_Driver/Src/stm32f1xx_hal.o
 .comment       0x0000007f       0x80 Drivers/STM32F1xx_HAL_Driver/Src/stm32f1xx_hal_cortex.o
 .comment       0x0000007f       0x80 Drivers/STM32F1xx_HAL_Driver/Src/stm32f1xx_hal_gpio.o
 .comment       0x0000007f       0x80 Drivers/STM32F1xx_HAL_Driver/Src/stm32f1xx_hal_rcc.o

.debug_frame    0x00000000      0x820
 .debug_frame   0x00000000       0x8c Core/Src/main.o
 .debug_frame   0x0000008c       0x88 Core/Src/motor.o
 .debug_frame   0x00000114       0x28 Core/Src/stm32f1xx_hal_msp.o
 .debug_frame   0x0000013c       0xf0 Core/Src/stm32f1xx_it.o
 .debug_frame   0x0000022c       0x30 Core/Src/system_stm32f1xx.o
 .debug_frame   0x0000025c      0x1cc Drivers/STM32F1xx_HAL_Driver/Src/stm32f1xx_hal.o
 .debug_frame   0x00000428      0x12c Drivers/STM32F1xx_HAL_Driver/Src/stm32f1xx_hal_cortex.o
 .debug_frame   0x00000554       0xe8 Drivers/STM32F1xx_HAL_Driver/Src/stm32f1xx_hal_gpio.o
 .debug_frame   0x0000063c      0x198 Drivers/STM32F1xx_HAL_Driver/Src/stm32f1xx_hal_rcc.o
 .debug_frame   0x000007d4       0x2c d:/ac6/workbench/plugins/fr.ac6.mcu.externaltools.arm-none.win32_1.17.0.201812190825/tools/compiler/bin/../lib/gcc/arm-none-eabi/7.3.1/../../../../arm-none-eabi/lib/thumb/v7-m\libc_nano.a(lib_a-init.o)
 .debug_frame   0x00000800       0x20 d:/ac6/workbench/plugins/fr.ac6.mcu.externaltools.arm-none.win32_1.17.0.201812190825/tools/compiler/bin/../lib/gcc/arm-none-eabi/7.3.1/../../../../arm-none-eabi/lib/thumb/v7-m\libc_nano.a(lib_a-memset.o)

.debug_loc      0x00000000     0x103a
 .debug_loc     0x00000000       0xdf Core/Src/system_stm32f1xx.o
 .debug_loc     0x000000df      0x11b Drivers/STM32F1xx_HAL_Driver/Src/stm32f1xx_hal.o
 .debug_loc     0x000001fa      0x5ad Drivers/STM32F1xx_HAL_Driver/Src/stm32f1xx_hal_cortex.o
 .debug_loc     0x000007a7      0x3d8 Drivers/STM32F1xx_HAL_Driver/Src/stm32f1xx_hal_gpio.o
 .debug_loc     0x00000b7f      0x4bb Drivers/STM32F1xx_HAL_Driver/Src/stm32f1xx_hal_rcc.o
